Microchip MPLAB XC8 Compiler V1.31 ()

Linker command line:

--edf=D:\Microchip\xc8\v1.31\dat\en_msgs.txt -cs \
  -h+dist/default/production\MRF24J40_test.X.production.sym \
  --cmf=dist/default/production\MRF24J40_test.X.production.cmf -z -Q16F88 \
  -oC:\Users\Disgust\AppData\Local\Temp\s98o.6 \
  -Mdist/default/production/MRF24J40_test.X.production.map -E1 -ver=XC8 \
  -ASTACK=0110h-016fh -pstack=STACK -ACONST=00h-0FFhx16 -ACODE=00h-07FFhx2 \
  -ASTRCODE=00h-0FFFh -AENTRY=00h-0FFhx16 -ASTRING=00h-0FFhx16 \
  -ACOMMON=070h-07Fh -ABANK0=020h-06Fh -ABANK1=0A0h-0EFh \
  -ABANK2=0110h-016Fh -ABANK3=0190h-01EFh \
  -ARAM=020h-06Fh,0A0h-0EFh,0110h-016Fh,0190h-01EFh \
  -AABS1=020h-07Fh,0A0h-0EFh,0110h-016Fh,0190h-01EFh -ASFR0=00h-01Fh \
  -ASFR1=080h-09Fh -ASFR2=0100h-010Fh -ASFR3=0180h-018Fh \
  -preset_vec=00h,intentry,init,end_init -ppowerup=CODE -pcinit=CODE \
  -pfunctab=CODE -ACONFIG=02007h-02008h -pconfig=CONFIG -DCONFIG=2 \
  -AIDLOC=02000h-02003h -pidloc=IDLOC -DIDLOC=2 -AEEDATA=00h-0FFh/02100h \
  -peeprom_data=EEDATA -DEEDATA=2 -DCODE=2 -DSTRCODE=2 -DSTRING=2 -DCONST=2 \
  -DENTRY=2 -k C:\Users\Disgust\AppData\Local\Temp\s98o.obj \
  dist/default/production\MRF24J40_test.X.production.obj 

Object code version is 3.11

Machine type is 16F88



                Name                               Link     Load   Length Selector   Space Scale
C:\Users\Disgust\AppData\Local\Temp\s98o.obj
                end_init                              0        0        2        0       0
dist/default/production\MRF24J40_test.X.production.obj
                cinit                               7F0      7F0       10      FE0       0
                text8                               729      729       63      E52       0
                text7                               78C      78C       64      F18       0
                text6                               6A4      6A4        5      D48       0
                text5                               6F8      6F8       31      DF0       0
                text4                               6B7      6B7       14      D6E       0
                text3                               6CB      6CB       15      D96       0
                text2                               6E0      6E0       18      DC0       0
                text1                               6A9      6A9        7      D52       0
                maintext                            6B0      6B0        7      D60       0
                cstackCOMMON                         70       70        D       70       1
                dataBANK0                            20       20        2       20       1
                dataCOMMON                           7D       7D        1       70       1
                idataCOMMON                         6A1      6A1        1      D42       0
                idataBANK0                          6A2      6A2        2      D44       0

TOTAL           Name                               Link     Load   Length     Space
        CLASS   STACK          

        CLASS   CONST          

        CLASS   CODE           
                end_init                              0        0        2         0
                cinit                               7F0      7F0       10         0
                text8                               729      729       63         0
                text7                               78C      78C       64         0
                text6                               6A4      6A4        5         0
                text5                               6F8      6F8       31         0
                text4                               6B7      6B7       14         0
                text3                               6CB      6CB       15         0
                text2                               6E0      6E0       18         0
                text1                               6A9      6A9        7         0
                maintext                            6B0      6B0        7         0
                idataCOMMON                         6A1      6A1        1         0
                idataBANK0                          6A2      6A2        2         0

        CLASS   STRCODE        

        CLASS   ENTRY          

        CLASS   STRING         

        CLASS   COMMON         
                cstackCOMMON                         70       70        D         1
                dataCOMMON                           7D       7D        1         1

        CLASS   BANK0          
                dataBANK0                            20       20        2         1

        CLASS   BANK1          

        CLASS   BANK2          

        CLASS   BANK3          

        CLASS   RAM            

        CLASS   ABS1           
                abs_s1                               7E       7E        2         1

        CLASS   SFR0           

        CLASS   SFR1           

        CLASS   SFR2           

        CLASS   SFR3           

        CLASS   CONFIG         

        CLASS   IDLOC          

        CLASS   EEDATA         



SEGMENTS        Name                           Load    Length   Top    Selector   Space  Class     Delta

                reset_vec                      000000  000002  000002         0       0  CODE        2
                dataBANK0                      000020  000002  000022        20       1  BANK0       1
                cstackCOMMON                   000070  00000E  00007E        70       1  COMMON      1
                idataCOMMON                    0006A1  000001  0006A2       D42       0  CODE        2
                idataBANK0                     0006A2  000002  0006A4       D44       0  CODE        2
                text6                          0006A4  000005  0006A9       D48       0  CODE        2
                text1                          0006A9  000007  0006B0       D52       0  CODE        2
                maintext                       0006B0  000007  0006B7       D60       0  CODE        2
                text4                          0006B7  000014  0006CB       D6E       0  CODE        2
                text3                          0006CB  000015  0006E0       D96       0  CODE        2
                text2                          0006E0  000018  0006F8       DC0       0  CODE        2
                text5                          0006F8  000031  000729       DF0       0  CODE        2
                text8                          000729  000063  00078C       E52       0  CODE        2
                text7                          00078C  000064  0007F0       F18       0  CODE        2
                cinit                          0007F0  000010  000800       FE0       0  CODE        2


UNUSED ADDRESS RANGES

        Name                Unused          Largest block    Delta
        BANK0            0022-006F             4E           1
        BANK1            00A0-00EF             50           1
        BANK2            0110-016F             60           1
        BANK3            0190-01EF             60           1
        CODE             0002-06A0            69F           2
                         0800-0FFF            800
        CONFIG           2007-2008              2           2
        CONST            0002-06A0            100           2
                         0800-0FFF            100
        EEDATA           2100-21FF            100           2
        ENTRY            0002-06A0            100           2
                         0800-0FFF            100
        IDLOC            2000-2003              4           2
        RAM              0022-006F             4E           1
                         00A0-00EF             50
                         0110-016F             60
                         0190-01EF             60
        SFR0             0000-001F             20           1
        SFR1             0080-009F             20           1
        SFR2             0100-010F             10           1
        SFR3             0180-018F             10           1
        STACK            0110-016F             60           1
        STRCODE          0002-06A0            69F           2
                         0800-0FFF            800
        STRING           0002-06A0            100           2
                         0800-0FFF            100

                                  Symbol Table

_PORTB                   (abs)        0006
_PORTBbits               (abs)        0006
_SPI_Init                text8        0729
_SSPBUF                  (abs)        0013
_SSPCONbits              (abs)        0014
_SSPSTATbits             (abs)        0094
_TRISB                   (abs)        0086
__Habs1                  abs1         0000
__Hbank0                 bank0        0000
__Hbank1                 bank1        0000
__Hbank2                 bank2        0000
__Hbank3                 bank3        0000
__Hcinit                 cinit        0800
__Hclrtext               clrtext      0000
__Hcode                  code         0000
__Hcommon                common       0000
__Hconfig                config       0000
__HcstackCOMMON          cstackCOMMON 0000
__HdataBANK0             dataBANK0    0000
__HdataCOMMON            dataCOMMON   0000
__Heeprom_data           eeprom_data  0000
__Hend_init              end_init     0002
__Hfunctab               functab      0000
__HidataBANK0            idataBANK0   0000
__HidataCOMMON           idataCOMMON  0000
__Hidloc                 idloc        0000
__Hinit                  init         0000
__Hintentry              intentry     0000
__Hmaintext              maintext     0000
__Hpowerup               powerup      0000
__Hram                   ram          0000
__Hreset_vec             reset_vec    0000
__Hsfr0                  sfr0         0000
__Hsfr1                  sfr1         0000
__Hsfr2                  sfr2         0000
__Hsfr3                  sfr3         0000
__Hstack                 stack        0000
__Hstrings               strings      0000
__Htext                  text         0000
__Labs1                  abs1         0000
__Lbank0                 bank0        0000
__Lbank1                 bank1        0000
__Lbank2                 bank2        0000
__Lbank3                 bank3        0000
__Lcinit                 cinit        07F0
__Lclrtext               clrtext      0000
__Lcode                  code         0000
__Lcommon                common       0000
__Lconfig                config       0000
__LcstackCOMMON          cstackCOMMON 0000
__LdataBANK0             dataBANK0    0000
__LdataCOMMON            dataCOMMON   0000
__Leeprom_data           eeprom_data  0000
__Lend_init              end_init     0000
__Lfunctab               functab      0000
__LidataBANK0            idataBANK0   0000
__LidataCOMMON           idataCOMMON  0000
__Lidloc                 idloc        0000
__Linit                  init         0000
__Lintentry              intentry     0000
__Lmaintext              maintext     0000
__Lpowerup               powerup      0000
__Lram                   ram          0000
__Lreset_vec             reset_vec    0000
__Lsfr0                  sfr0         0000
__Lsfr1                  sfr1         0000
__Lsfr2                  sfr2         0000
__Lsfr3                  sfr3         0000
__Lstack                 stack        0000
__Lstrings               strings      0000
__Ltext                  text         0000
__S0                     (abs)        0800
__S1                     (abs)        007E
__S2                     (abs)        0000
__S3                     (abs)        0000
___int_sp                stack        0000
___latbits               (abs)        0001
___sp                    stack        0000
__end_of_SPI_Init        text8        078C
__end_of__initialization cinit        07FD
__end_of_addrWriteLA     text5        0729
__end_of_byteReadLA      text2        06F8
__end_of_chipRelease     text4        06CB
__end_of_chipSelect      text3        06E0
__end_of_deviceInit      text7        07F0
__end_of_main            maintext     06B7
__end_of_readRSSI        text1        06B0
__end_of_waitForSPI      text6        06A9
__initialization         cinit        07F0
__pcstackCOMMON          cstackCOMMON 0070
__pdataBANK0             dataBANK0    0020
__pdataCOMMON            dataCOMMON   007D
__pidataBANK0            idataBANK0   06A2
__pidataCOMMON           idataCOMMON  06A1
__pmaintext              maintext     06B0
__ptext1                 text1        06A9
__ptext2                 text2        06E0
__ptext3                 text3        06CB
__ptext4                 text4        06B7
__ptext5                 text5        06F8
__ptext6                 text6        06A4
__ptext7                 text7        078C
__ptext8                 text8        0729
__size_of_SPI_Init       (abs)        0000
__size_of_addrWriteLA    (abs)        0000
__size_of_byteReadLA     (abs)        0000
__size_of_chipRelease    (abs)        0000
__size_of_chipSelect     (abs)        0000
__size_of_deviceInit     (abs)        0000
__size_of_main           (abs)        0000
__size_of_readRSSI       (abs)        0000
__size_of_waitForSPI     (abs)        0000
_aMinLIFSPeriod          dataBANK0    0020
_aMinSIFSPeriod          dataBANK0    0021
_aTurnaroundTime         dataCOMMON   007D
_addrWriteLA             text5        06F8
_byteReadLA              text2        06E0
_chipRelease             text4        06B7
_chipSelect              text3        06CB
_deviceInit              text7        078C
_main                    maintext     06B0
_readRSSI                text1        06A9
_waitForSPI              text6        06A4
addrWriteLA@addr         cstackCOMMON 0070
addrWriteLA@command      cstackCOMMON 0077
addrWriteLA@op           cstackCOMMON 0072
btemp                    (abs)        007E
byteReadLA@addr          cstackCOMMON 0079
byteReadLA@report        cstackCOMMON 007C
end_of_initialization    cinit        07FD
intlevel0                functab      0000
intlevel1                functab      0000
intlevel2                functab      0000
intlevel3                functab      0000
intlevel4                functab      0000
intlevel5                functab      0000
ltemp                    (abs)        007E
ltemp0                   (abs)        007E
ltemp1                   (abs)        0082
ltemp2                   (abs)        0086
ltemp3                   (abs)        0080
reset_vec                reset_vec    0000
stackhi                  (abs)        0000
stacklo                  (abs)        0000
start                    init         0000
start_initialization     cinit        07F0
ttemp                    (abs)        007E
ttemp0                   (abs)        007E
ttemp1                   (abs)        0081
ttemp2                   (abs)        0084
ttemp3                   (abs)        0087
ttemp4                   (abs)        007F
wtemp                    (abs)        007E
wtemp0                   (abs)        007E
wtemp1                   (abs)        0080
wtemp2                   (abs)        0082
wtemp3                   (abs)        0084
wtemp4                   (abs)        0086
wtemp5                   (abs)        0088
wtemp6                   (abs)        007F


FUNCTION INFORMATION:

 *************** function _main *****************
 Defined at:
		line 46 in file "main.c"
 Parameters:    Size  Location     Type
		None
 Auto vars:     Size  Location     Type
		None
 Return value:  Size  Location     Type
		None               void
 Registers used:
		wreg, status,2, status,0, pclath, cstack
 Tracked objects:
		On entry : 
		On exit  : 
		Unchanged: 
 Data sizes:     COMMON   BANK0   BANK1   BANK3   BANK2
      Params:         0       0       0       0       0
      Locals:         0       0       0       0       0
      Temps:          0       0       0       0       0
      Totals:         0       0       0       0       0
Total ram usage:        0 bytes
 Hardware stack levels required when called:    4
 This function calls:
		_deviceInit
		_readRSSI
 This function is called by:
		Startup code after reset
 This function uses a non-reentrant model


 *************** function _readRSSI *****************
 Defined at:
		line 224 in file "MRF24J40.c"
 Parameters:    Size  Location     Type
		None
 Auto vars:     Size  Location     Type
		None
 Return value:  Size  Location     Type
                  1    wreg      unsigned char 
 Registers used:
		wreg, status,2, status,0, pclath, cstack
 Tracked objects:
		On entry : 
		On exit  : 
		Unchanged: 
 Data sizes:     COMMON   BANK0   BANK1   BANK3   BANK2
      Params:         0       0       0       0       0
      Locals:         0       0       0       0       0
      Temps:          0       0       0       0       0
      Totals:         0       0       0       0       0
Total ram usage:        0 bytes
 Hardware stack levels used:    1
 Hardware stack levels required when called:    3
 This function calls:
		_byteReadLA
 This function is called by:
		_main
 This function uses a non-reentrant model


 *************** function _byteReadLA *****************
 Defined at:
		line 146 in file "MRF24J40.c"
 Parameters:    Size  Location     Type
  addr            2    9[COMMON] unsigned int 
 Auto vars:     Size  Location     Type
  report          1   12[COMMON] unsigned char 
 Return value:  Size  Location     Type
                  1    wreg      unsigned char 
 Registers used:
		wreg, status,2, status,0, pclath, cstack
 Tracked objects:
		On entry : 
		On exit  : 
		Unchanged: 
 Data sizes:     COMMON   BANK0   BANK1   BANK3   BANK2
      Params:         2       0       0       0       0
      Locals:         1       0       0       0       0
      Temps:          1       0       0       0       0
      Totals:         4       0       0       0       0
Total ram usage:        4 bytes
 Hardware stack levels used:    1
 Hardware stack levels required when called:    2
 This function calls:
		_addrWriteLA
		_chipRelease
		_chipSelect
 This function is called by:
		_readRSSI
		_bitWriteLA
 This function uses a non-reentrant model


 *************** function _chipSelect *****************
 Defined at:
		line 22 in file "MRF24J40.c"
 Parameters:    Size  Location     Type
		None
 Auto vars:     Size  Location     Type
		None
 Return value:  Size  Location     Type
		None               void
 Registers used:
		wreg, status,2, status,0
 Tracked objects:
		On entry : 
		On exit  : 
		Unchanged: 
 Data sizes:     COMMON   BANK0   BANK1   BANK3   BANK2
      Params:         0       0       0       0       0
      Locals:         0       0       0       0       0
      Temps:          3       0       0       0       0
      Totals:         3       0       0       0       0
Total ram usage:        3 bytes
 Hardware stack levels used:    1
 This function calls:
		Nothing
 This function is called by:
		_byteReadLA
		_SPI_WriteByte
		_SPI_ReadByte
		_SPI_WriteArray
		_SPI_ReadArray
		_byteReadSA
		_byteWriteSA
		_dataReadSA
		_dataWriteSA
		_byteWriteLA
		_dataReadLA
		_dataWriteLA
 This function uses a non-reentrant model


 *************** function _chipRelease *****************
 Defined at:
		line 26 in file "MRF24J40.c"
 Parameters:    Size  Location     Type
		None
 Auto vars:     Size  Location     Type
		None
 Return value:  Size  Location     Type
		None               void
 Registers used:
		wreg, status,2, status,0
 Tracked objects:
		On entry : 
		On exit  : 
		Unchanged: 
 Data sizes:     COMMON   BANK0   BANK1   BANK3   BANK2
      Params:         0       0       0       0       0
      Locals:         0       0       0       0       0
      Temps:          3       0       0       0       0
      Totals:         3       0       0       0       0
Total ram usage:        3 bytes
 Hardware stack levels used:    1
 This function calls:
		Nothing
 This function is called by:
		_byteReadLA
		_SPI_WriteByte
		_SPI_ReadByte
		_SPI_WriteArray
		_SPI_ReadArray
		_byteReadSA
		_byteWriteSA
		_dataReadSA
		_dataWriteSA
		_byteWriteLA
		_dataReadLA
		_dataWriteLA
 This function uses a non-reentrant model


 *************** function _addrWriteLA *****************
 Defined at:
		line 89 in file "MRF24J40.c"
 Parameters:    Size  Location     Type
  addr            2    0[COMMON] unsigned int 
  op              1    2[COMMON] unsigned char 
 Auto vars:     Size  Location     Type
  command         2    7[COMMON] unsigned int 
 Return value:  Size  Location     Type
		None               void
 Registers used:
		wreg, status,2, status,0, pclath, cstack
 Tracked objects:
		On entry : 
		On exit  : 
		Unchanged: 
 Data sizes:     COMMON   BANK0   BANK1   BANK3   BANK2
      Params:         3       0       0       0       0
      Locals:         2       0       0       0       0
      Temps:          4       0       0       0       0
      Totals:         9       0       0       0       0
Total ram usage:        9 bytes
 Hardware stack levels used:    1
 Hardware stack levels required when called:    1
 This function calls:
		_waitForSPI
 This function is called by:
		_byteReadLA
		_byteWriteLA
		_dataReadLA
		_dataWriteLA
 This function uses a non-reentrant model


 *************** function _waitForSPI *****************
 Defined at:
		line 75 in file "MRF24J40.c"
 Parameters:    Size  Location     Type
		None
 Auto vars:     Size  Location     Type
		None
 Return value:  Size  Location     Type
		None               void
 Registers used:
		None
 Tracked objects:
		On entry : 
		On exit  : 
		Unchanged: 
 Data sizes:     COMMON   BANK0   BANK1   BANK3   BANK2
      Params:         0       0       0       0       0
      Locals:         0       0       0       0       0
      Temps:          0       0       0       0       0
      Totals:         0       0       0       0       0
Total ram usage:        0 bytes
 Hardware stack levels used:    1
 This function calls:
		Nothing
 This function is called by:
		_addrWriteLA
		_addrWriteSA
		_byteWriteSA
		_dataReadSA
		_dataWriteSA
		_byteWriteLA
		_dataReadLA
		_dataWriteLA
 This function uses a non-reentrant model


 *************** function _deviceInit *****************
 Defined at:
		line 203 in file "MRF24J40.c"
 Parameters:    Size  Location     Type
		None
 Auto vars:     Size  Location     Type
		None
 Return value:  Size  Location     Type
		None               void
 Registers used:
		wreg, status,2, status,0, pclath, cstack
 Tracked objects:
		On entry : 
		On exit  : 
		Unchanged: 
 Data sizes:     COMMON   BANK0   BANK1   BANK3   BANK2
      Params:         0       0       0       0       0
      Locals:         0       0       0       0       0
      Temps:          5       0       0       0       0
      Totals:         5       0       0       0       0
Total ram usage:        5 bytes
 Hardware stack levels used:    1
 Hardware stack levels required when called:    1
 This function calls:
		_SPI_Init
 This function is called by:
		_main
 This function uses a non-reentrant model


 *************** function _SPI_Init *****************
 Defined at:
		line 8 in file "MRF24J40.c"
 Parameters:    Size  Location     Type
		None
 Auto vars:     Size  Location     Type
		None
 Return value:  Size  Location     Type
		None               void
 Registers used:
		wreg, status,2, status,0
 Tracked objects:
		On entry : 
		On exit  : 
		Unchanged: 
 Data sizes:     COMMON   BANK0   BANK1   BANK3   BANK2
      Params:         0       0       0       0       0
      Locals:         0       0       0       0       0
      Temps:          8       0       0       0       0
      Totals:         8       0       0       0       0
Total ram usage:        8 bytes
 Hardware stack levels used:    1
 This function calls:
		Nothing
 This function is called by:
		_deviceInit
 This function uses a non-reentrant model



MODULE INFORMATION

Module		Function		Class		Link	Load	Size
shared
		__initializatio		CODE           	07F0	0000	13

shared estimated size: 13

MRF24J40.c
		_deviceInit    		CODE           	078C	0000	100
		_waitForSPI    		CODE           	06A4	0000	5
		_SPI_Init      		CODE           	0729	0000	99
		_chipRelease   		CODE           	06B7	0000	20
		_addrWriteLA   		CODE           	06F8	0000	49
		_chipSelect    		CODE           	06CB	0000	21
		_byteReadLA    		CODE           	06E0	0000	24
		_readRSSI      		CODE           	06A9	0000	7

MRF24J40.c estimated size: 325

main.c
		_main          		CODE           	06B0	0000	7

main.c estimated size: 7

