Microchip MPLAB XC8 Compiler V1.31 ()

Linker command line:

--edf=D:\Microchip\xc8\v1.31\dat\en_msgs.txt -cs \
  -h+dist/default/production\MRF24J40_test.X.production.sym \
  --cmf=dist/default/production\MRF24J40_test.X.production.cmf -z -Q16F88 \
  -oC:\Users\Disgust\AppData\Local\Temp\s46k.6 \
  -Mdist/default/production/MRF24J40_test.X.production.map -E1 -ver=XC8 \
  -ASTACK=0110h-016fh -pstack=STACK -ACONST=00h-0FFhx16 -ACODE=00h-07FFhx2 \
  -ASTRCODE=00h-0FFFh -AENTRY=00h-0FFhx16 -ASTRING=00h-0FFhx16 \
  -ACOMMON=070h-07Fh -ABANK0=020h-06Fh -ABANK1=0A0h-0EFh \
  -ABANK2=0110h-016Fh -ABANK3=0190h-01EFh \
  -ARAM=020h-06Fh,0A0h-0EFh,0110h-016Fh,0190h-01EFh \
  -AABS1=020h-07Fh,0A0h-0EFh,0110h-016Fh,0190h-01EFh -ASFR0=00h-01Fh \
  -ASFR1=080h-09Fh -ASFR2=0100h-010Fh -ASFR3=0180h-018Fh \
  -preset_vec=00h,intentry,init,end_init -ppowerup=CODE -pcinit=CODE \
  -pfunctab=CODE -ACONFIG=02007h-02008h -pconfig=CONFIG -DCONFIG=2 \
  -AIDLOC=02000h-02003h -pidloc=IDLOC -DIDLOC=2 -AEEDATA=00h-0FFh/02100h \
  -peeprom_data=EEDATA -DEEDATA=2 -DCODE=2 -DSTRCODE=2 -DSTRING=2 -DCONST=2 \
  -DENTRY=2 -k C:\Users\Disgust\AppData\Local\Temp\s46k.obj \
  dist/default/production\MRF24J40_test.X.production.obj 

Object code version is 3.11

Machine type is 16F88



                Name                               Link     Load   Length Selector   Space Scale
C:\Users\Disgust\AppData\Local\Temp\s46k.obj
                end_init                              0        0        2        0       0
dist/default/production\MRF24J40_test.X.production.obj
                cinit                               7E8      7E8       18      FD0       0
                text19                              5A1      5A1        5      B42       0
                text18                              6AE      6AE       31      D5C       0
                text17                              604      604       14      C08       0
                text16                              62C      62C       15      C58       0
                text15                              641      641       17      C82       0
                text14                              689      689       25      D12       0
                text13                              618      618       14      C30       0
                text12                              5F1      5F1       13      BE2       0
                text11                              6DF      6DF       33      DBE       0
                text10                              670      670       19      CE0       0
                text9                               5DF      5DF       12      BBE       0
                text8                               658      658       18      CB0       0
                text7                               712      712       3C      E24       0
                text6                               5D3      5D3        C      BA6       0
                text5                               5C1      5C1        9      B82       0
                text4                               5AB      5AB        7      B56       0
                text3                               5CA      5CA        9      B94       0
                text2                               74E      74E       9A      E9C       0
                text1                               5B2      5B2        7      B64       0
                maintext                            5B9      5B9        8      B72       0
                cstackBANK0                          20       20        8       20       1
                cstackCOMMON                         70       70        E       70       1
                dataBANK0                            28       28        5       20       1
                idataBANK0                          5A6      5A6        5      B4C       0

TOTAL           Name                               Link     Load   Length     Space
        CLASS   STACK          

        CLASS   CONST          

        CLASS   CODE           
                end_init                              0        0        2         0
                cinit                               7E8      7E8       18         0
                text19                              5A1      5A1        5         0
                text18                              6AE      6AE       31         0
                text17                              604      604       14         0
                text16                              62C      62C       15         0
                text15                              641      641       17         0
                text14                              689      689       25         0
                text13                              618      618       14         0
                text12                              5F1      5F1       13         0
                text11                              6DF      6DF       33         0
                text10                              670      670       19         0
                text9                               5DF      5DF       12         0
                text8                               658      658       18         0
                text7                               712      712       3C         0
                text6                               5D3      5D3        C         0
                text5                               5C1      5C1        9         0
                text4                               5AB      5AB        7         0
                text3                               5CA      5CA        9         0
                text2                               74E      74E       9A         0
                text1                               5B2      5B2        7         0
                maintext                            5B9      5B9        8         0
                idataBANK0                          5A6      5A6        5         0

        CLASS   STRCODE        

        CLASS   ENTRY          

        CLASS   STRING         

        CLASS   COMMON         
                cstackCOMMON                         70       70        E         1

        CLASS   BANK0          
                cstackBANK0                          20       20        8         1
                dataBANK0                            28       28        5         1

        CLASS   BANK1          

        CLASS   BANK2          

        CLASS   BANK3          

        CLASS   RAM            

        CLASS   ABS1           
                abs_s1                               7E       7E        2         1

        CLASS   SFR0           

        CLASS   SFR1           

        CLASS   SFR2           

        CLASS   SFR3           

        CLASS   CONFIG         

        CLASS   IDLOC          

        CLASS   EEDATA         



SEGMENTS        Name                           Load    Length   Top    Selector   Space  Class     Delta

                reset_vec                      000000  000002  000002         0       0  CODE        2
                cstackBANK0                    000020  00000D  00002D        20       1  BANK0       1
                cstackCOMMON                   000070  00000E  00007E        70       1  COMMON      1
                text19                         0005A1  000005  0005A6       B42       0  CODE        2
                idataBANK0                     0005A6  000005  0005AB       B4C       0  CODE        2
                text4                          0005AB  000007  0005B2       B56       0  CODE        2
                text1                          0005B2  000007  0005B9       B64       0  CODE        2
                maintext                       0005B9  000008  0005C1       B72       0  CODE        2
                text5                          0005C1  000009  0005CA       B82       0  CODE        2
                text3                          0005CA  000009  0005D3       B94       0  CODE        2
                text6                          0005D3  00000C  0005DF       BA6       0  CODE        2
                text9                          0005DF  000012  0005F1       BBE       0  CODE        2
                text12                         0005F1  000013  000604       BE2       0  CODE        2
                text17                         000604  000014  000618       C08       0  CODE        2
                text13                         000618  000014  00062C       C30       0  CODE        2
                text16                         00062C  000015  000641       C58       0  CODE        2
                text15                         000641  000017  000658       C82       0  CODE        2
                text8                          000658  000018  000670       CB0       0  CODE        2
                text10                         000670  000019  000689       CE0       0  CODE        2
                text14                         000689  000025  0006AE       D12       0  CODE        2
                text18                         0006AE  000031  0006DF       D5C       0  CODE        2
                text11                         0006DF  000033  000712       DBE       0  CODE        2
                text7                          000712  00003C  00074E       E24       0  CODE        2
                text2                          00074E  00009A  0007E8       E9C       0  CODE        2
                cinit                          0007E8  000018  000800       FD0       0  CODE        2


UNUSED ADDRESS RANGES

        Name                Unused          Largest block    Delta
        BANK0            002D-006F             43           1
        BANK1            00A0-00EF             50           1
        BANK2            0110-016F             60           1
        BANK3            0190-01EF             60           1
        CODE             0002-05A0            59F           2
                         0800-0FFF            800
        CONFIG           2007-2008              2           2
        CONST            0002-05A0            100           2
                         0800-0FFF            100
        EEDATA           2100-21FF            100           2
        ENTRY            0002-05A0            100           2
                         0800-0FFF            100
        IDLOC            2000-2003              4           2
        RAM              002D-006F             43           1
                         00A0-00EF             50
                         0110-016F             60
                         0190-01EF             60
        SFR0             0000-001F             20           1
        SFR1             0080-009F             20           1
        SFR2             0100-010F             10           1
        SFR3             0180-018F             10           1
        STACK            0110-016F             60           1
        STRCODE          0002-05A0            59F           2
                         0800-0FFF            800
        STRING           0002-05A0            100           2
                         0800-0FFF            100

                                  Symbol Table

_BEACON_EN                    dataBANK0    0028
_PORTB                        (abs)        0006
_PORTBbits                    (abs)        0006
_RF_OPTIMISE                  dataBANK0    0029
_SSPBUF                       (abs)        0013
_SSPCONbits                   (abs)        0014
_SSPSTATbits                  (abs)        0094
_TRISB                        (abs)        0086
__Habs1                       abs1         0000
__Hbank0                      bank0        0000
__Hbank1                      bank1        0000
__Hbank2                      bank2        0000
__Hbank3                      bank3        0000
__Hcinit                      cinit        0800
__Hclrtext                    clrtext      0000
__Hcode                       code         0000
__Hcommon                     common       0000
__Hconfig                     config       0000
__HcstackBANK0                cstackBANK0  0000
__HcstackCOMMON               cstackCOMMON 0000
__HdataBANK0                  dataBANK0    0000
__Heeprom_data                eeprom_data  0000
__Hend_init                   end_init     0002
__Hfunctab                    functab      0000
__HidataBANK0                 idataBANK0   0000
__Hidloc                      idloc        0000
__Hinit                       init         0000
__Hintentry                   intentry     0000
__Hmaintext                   maintext     0000
__Hpowerup                    powerup      0000
__Hram                        ram          0000
__Hreset_vec                  reset_vec    0000
__Hsfr0                       sfr0         0000
__Hsfr1                       sfr1         0000
__Hsfr2                       sfr2         0000
__Hsfr3                       sfr3         0000
__Hstack                      stack        0000
__Hstrings                    strings      0000
__Htext                       text         0000
__Labs1                       abs1         0000
__Lbank0                      bank0        0000
__Lbank1                      bank1        0000
__Lbank2                      bank2        0000
__Lbank3                      bank3        0000
__Lcinit                      cinit        07E8
__Lclrtext                    clrtext      0000
__Lcode                       code         0000
__Lcommon                     common       0000
__Lconfig                     config       0000
__LcstackBANK0                cstackBANK0  0000
__LcstackCOMMON               cstackCOMMON 0000
__LdataBANK0                  dataBANK0    0000
__Leeprom_data                eeprom_data  0000
__Lend_init                   end_init     0000
__Lfunctab                    functab      0000
__LidataBANK0                 idataBANK0   0000
__Lidloc                      idloc        0000
__Linit                       init         0000
__Lintentry                   intentry     0000
__Lmaintext                   maintext     0000
__Lpowerup                    powerup      0000
__Lram                        ram          0000
__Lreset_vec                  reset_vec    0000
__Lsfr0                       sfr0         0000
__Lsfr1                       sfr1         0000
__Lsfr2                       sfr2         0000
__Lsfr3                       sfr3         0000
__Lstack                      stack        0000
__Lstrings                    strings      0000
__Ltext                       text         0000
__S0                          (abs)        0800
__S1                          (abs)        007E
__S2                          (abs)        0000
__S3                          (abs)        0000
___int_sp                     stack        0000
___latbits                    (abs)        0001
___sp                         stack        0000
__end_of__initialization      cinit        07FD
__end_of_addrWriteLA          text18       06DF
__end_of_addrWriteSA          text14       06AE
__end_of_bitWriteLA           text7        074E
__end_of_bitWriteSA           text11       0712
__end_of_byteReadLA           text8        0670
__end_of_byteReadSA           text13       062C
__end_of_byteWriteLA          text15       0658
__end_of_byteWriteSA          text12       0604
__end_of_chipRelease          text17       0618
__end_of_chipSelect           text16       0641
__end_of_deviceChannelSelect  text9        05F1
__end_of_deviceInit           text2        07E8
__end_of_deviceIntEnable      text4        05B2
__end_of_deviceIntPolarity    text6        05DF
__end_of_deviceSetInterrupt   text5        05CA
__end_of_main                 maintext     05C1
__end_of_readRSSI             text1        05B9
__end_of_resetRFStateMashine  text10       0689
__end_of_setCCAThreshold      text3        05D3
__end_of_waitForSPI           text19       05A6
__initialization              cinit        07E8
__pcstackBANK0                cstackBANK0  0020
__pcstackCOMMON               cstackCOMMON 0070
__pdataBANK0                  dataBANK0    0028
__pidataBANK0                 idataBANK0   05A6
__pmaintext                   maintext     05B9
__ptext1                      text1        05B2
__ptext10                     text10       0670
__ptext11                     text11       06DF
__ptext12                     text12       05F1
__ptext13                     text13       0618
__ptext14                     text14       0689
__ptext15                     text15       0641
__ptext16                     text16       062C
__ptext17                     text17       0604
__ptext18                     text18       06AE
__ptext19                     text19       05A1
__ptext2                      text2        074E
__ptext3                      text3        05CA
__ptext4                      text4        05AB
__ptext5                      text5        05C1
__ptext6                      text6        05D3
__ptext7                      text7        0712
__ptext8                      text8        0658
__ptext9                      text9        05DF
__size_of_addrWriteLA         (abs)        0000
__size_of_addrWriteSA         (abs)        0000
__size_of_bitWriteLA          (abs)        0000
__size_of_bitWriteSA          (abs)        0000
__size_of_byteReadLA          (abs)        0000
__size_of_byteReadSA          (abs)        0000
__size_of_byteWriteLA         (abs)        0000
__size_of_byteWriteSA         (abs)        0000
__size_of_chipRelease         (abs)        0000
__size_of_chipSelect          (abs)        0000
__size_of_deviceChannelSelect (abs)        0000
__size_of_deviceInit          (abs)        0000
__size_of_deviceIntEnable     (abs)        0000
__size_of_deviceIntPolarity   (abs)        0000
__size_of_deviceSetInterrupt  (abs)        0000
__size_of_main                (abs)        0000
__size_of_readRSSI            (abs)        0000
__size_of_resetRFStateMashine (abs)        0000
__size_of_setCCAThreshold     (abs)        0000
__size_of_waitForSPI          (abs)        0000
_aMinLIFSPeriod               dataBANK0    002A
_aMinSIFSPeriod               dataBANK0    002B
_aTurnaroundTime              dataBANK0    002C
_addrWriteLA                  text18       06AE
_addrWriteSA                  text14       0689
_addrWriteSA$258              cstackCOMMON 0074
_bitWriteLA                   text7        0712
_bitWriteSA                   text11       06DF
_byteReadLA                   text8        0658
_byteReadSA                   text13       0618
_byteWriteLA                  text15       0641
_byteWriteSA                  text12       05F1
_chipRelease                  text17       0604
_chipSelect                   text16       062C
_deviceChannelSelect          text9        05DF
_deviceInit                   text2        074E
_deviceIntEnable              text4        05AB
_deviceIntPolarity            text6        05D3
_deviceSetInterrupt           text5        05C1
_main                         maintext     05B9
_readRSSI                     text1        05B2
_resetRFStateMashine          text10       0670
_setCCAThreshold              text3        05CA
_waitForSPI                   text19       05A1
addrWriteLA@addr              cstackCOMMON 0070
addrWriteLA@command           cstackCOMMON 0077
addrWriteLA@op                cstackCOMMON 0072
addrWriteSA@addr              cstackCOMMON 0077
addrWriteSA@command           cstackCOMMON 0076
addrWriteSA@op                cstackCOMMON 0070
bitWriteLA@addr               cstackBANK0  0020
bitWriteLA@bitname            cstackBANK0  0022
bitWriteLA@state              cstackBANK0  0023
bitWriteLA@temp               cstackCOMMON 007D
bitWriteSA@addr               cstackBANK0  0023
bitWriteSA@bitname            cstackCOMMON 007B
bitWriteSA@state              cstackCOMMON 007C
bitWriteSA@temp               cstackBANK0  0022
btemp                         (abs)        007E
byteReadLA@addr               cstackCOMMON 0079
byteReadLA@report             cstackCOMMON 007C
byteReadSA@addr               cstackCOMMON 0079
byteReadSA@report             cstackCOMMON 007A
byteWriteLA@addr              cstackCOMMON 0079
byteWriteLA@data              cstackCOMMON 007B
byteWriteSA@addr              cstackCOMMON 0079
byteWriteSA@data              cstackCOMMON 0078
deviceChannelSelect@chan      cstackBANK0  0025
deviceInit@chan               cstackBANK0  0027
deviceSetInterrupt@interrupts cstackCOMMON 007B
end_of_initialization         cinit        07FD
intlevel0                     functab      0000
intlevel1                     functab      0000
intlevel2                     functab      0000
intlevel3                     functab      0000
intlevel4                     functab      0000
intlevel5                     functab      0000
ltemp                         (abs)        007E
ltemp0                        (abs)        007E
ltemp1                        (abs)        0082
ltemp2                        (abs)        0086
ltemp3                        (abs)        0080
reset_vec                     reset_vec    0000
setCCAThreshold@val           cstackCOMMON 007B
stackhi                       (abs)        0000
stacklo                       (abs)        0000
start                         init         0000
start_initialization          cinit        07E8
ttemp                         (abs)        007E
ttemp0                        (abs)        007E
ttemp1                        (abs)        0081
ttemp2                        (abs)        0084
ttemp3                        (abs)        0087
ttemp4                        (abs)        007F
wtemp                         (abs)        007E
wtemp0                        (abs)        007E
wtemp1                        (abs)        0080
wtemp2                        (abs)        0082
wtemp3                        (abs)        0084
wtemp4                        (abs)        0086
wtemp5                        (abs)        0088
wtemp6                        (abs)        007F


FUNCTION INFORMATION:

 *************** function _main *****************
 Defined at:
		line 45 in file "main.c"
 Parameters:    Size  Location     Type
		None
 Auto vars:     Size  Location     Type
		None
 Return value:  Size  Location     Type
		None               void
 Registers used:
		wreg, status,2, status,0, pclath, cstack
 Tracked objects:
		On entry : 
		On exit  : 
		Unchanged: 
 Data sizes:     COMMON   BANK0   BANK1   BANK3   BANK2
      Params:         0       0       0       0       0
      Locals:         0       0       0       0       0
      Temps:          0       0       0       0       0
      Totals:         0       0       0       0       0
Total ram usage:        0 bytes
 Hardware stack levels required when called:    7
 This function calls:
		_deviceInit
		_readRSSI
 This function is called by:
		Startup code after reset
 This function uses a non-reentrant model


 *************** function _readRSSI *****************
 Defined at:
		line 268 in file "MRF24J40.c"
 Parameters:    Size  Location     Type
		None
 Auto vars:     Size  Location     Type
		None
 Return value:  Size  Location     Type
                  1    wreg      unsigned char 
 Registers used:
		wreg, status,2, status,0, pclath, cstack
 Tracked objects:
		On entry : 
		On exit  : 
		Unchanged: 
 Data sizes:     COMMON   BANK0   BANK1   BANK3   BANK2
      Params:         0       0       0       0       0
      Locals:         0       0       0       0       0
      Temps:          0       0       0       0       0
      Totals:         0       0       0       0       0
Total ram usage:        0 bytes
 Hardware stack levels used:    1
 Hardware stack levels required when called:    3
 This function calls:
		_byteReadLA
 This function is called by:
		_main
 This function uses a non-reentrant model


 *************** function _deviceInit *****************
 Defined at:
		line 211 in file "MRF24J40.c"
 Parameters:    Size  Location     Type
  chan            1    wreg     unsigned char 
 Auto vars:     Size  Location     Type
  chan            1    7[BANK0 ] unsigned char 
 Return value:  Size  Location     Type
		None               void
 Registers used:
		wreg, status,2, status,0, pclath, cstack
 Tracked objects:
		On entry : 
		On exit  : 
		Unchanged: 
 Data sizes:     COMMON   BANK0   BANK1   BANK3   BANK2
      Params:         0       0       0       0       0
      Locals:         0       1       0       0       0
      Temps:          0       1       0       0       0
      Totals:         0       2       0       0       0
Total ram usage:        2 bytes
 Hardware stack levels used:    1
 Hardware stack levels required when called:    6
 This function calls:
		_byteWriteLA
		_byteWriteSA
		_deviceChannelSelect
		_deviceIntEnable
		_setCCAThreshold
 This function is called by:
		_main
		_deviceStart
 This function uses a non-reentrant model


 *************** function _setCCAThreshold *****************
 Defined at:
		line 208 in file "MRF24J40.c"
 Parameters:    Size  Location     Type
  val             1    wreg     unsigned char 
 Auto vars:     Size  Location     Type
  val             1   11[COMMON] unsigned char 
 Return value:  Size  Location     Type
		None               void
 Registers used:
		wreg, status,2, status,0, pclath, cstack
 Tracked objects:
		On entry : 
		On exit  : 
		Unchanged: 
 Data sizes:     COMMON   BANK0   BANK1   BANK3   BANK2
      Params:         0       0       0       0       0
      Locals:         1       0       0       0       0
      Temps:          1       0       0       0       0
      Totals:         2       0       0       0       0
Total ram usage:        2 bytes
 Hardware stack levels used:    1
 Hardware stack levels required when called:    3
 This function calls:
		_byteWriteSA
 This function is called by:
		_deviceInit
 This function uses a non-reentrant model


 *************** function _deviceIntEnable *****************
 Defined at:
		line 245 in file "MRF24J40.c"
 Parameters:    Size  Location     Type
		None
 Auto vars:     Size  Location     Type
		None
 Return value:  Size  Location     Type
		None               void
 Registers used:
		wreg, status,2, status,0, pclath, cstack
 Tracked objects:
		On entry : 
		On exit  : 
		Unchanged: 
 Data sizes:     COMMON   BANK0   BANK1   BANK3   BANK2
      Params:         0       0       0       0       0
      Locals:         0       0       0       0       0
      Temps:          0       0       0       0       0
      Totals:         0       0       0       0       0
Total ram usage:        0 bytes
 Hardware stack levels used:    1
 Hardware stack levels required when called:    5
 This function calls:
		_deviceIntPolarity
		_deviceSetInterrupt
 This function is called by:
		_deviceInit
 This function uses a non-reentrant model


 *************** function _deviceSetInterrupt *****************
 Defined at:
		line 249 in file "MRF24J40.c"
 Parameters:    Size  Location     Type
  interrupts      1    wreg     unsigned char 
 Auto vars:     Size  Location     Type
  interrupts      1   11[COMMON] unsigned char 
 Return value:  Size  Location     Type
		None               void
 Registers used:
		wreg, status,2, status,0, pclath, cstack
 Tracked objects:
		On entry : 
		On exit  : 
		Unchanged: 
 Data sizes:     COMMON   BANK0   BANK1   BANK3   BANK2
      Params:         0       0       0       0       0
      Locals:         1       0       0       0       0
      Temps:          1       0       0       0       0
      Totals:         2       0       0       0       0
Total ram usage:        2 bytes
 Hardware stack levels used:    1
 Hardware stack levels required when called:    3
 This function calls:
		_byteWriteSA
 This function is called by:
		_deviceIntEnable
 This function uses a non-reentrant model


 *************** function _deviceIntPolarity *****************
 Defined at:
		line 255 in file "MRF24J40.c"
 Parameters:    Size  Location     Type
		None
 Auto vars:     Size  Location     Type
		None
 Return value:  Size  Location     Type
		None               void
 Registers used:
		wreg, status,2, status,0, pclath, cstack
 Tracked objects:
		On entry : 
		On exit  : 
		Unchanged: 
 Data sizes:     COMMON   BANK0   BANK1   BANK3   BANK2
      Params:         0       0       0       0       0
      Locals:         0       0       0       0       0
      Temps:          0       0       0       0       0
      Totals:         0       0       0       0       0
Total ram usage:        0 bytes
 Hardware stack levels used:    1
 Hardware stack levels required when called:    4
 This function calls:
		_bitWriteLA
 This function is called by:
		_deviceIntEnable
 This function uses a non-reentrant model


 *************** function _bitWriteLA *****************
 Defined at:
		line 154 in file "MRF24J40.c"
 Parameters:    Size  Location     Type
  addr            2    0[BANK0 ] unsigned int 
  bitname         1    2[BANK0 ] unsigned char 
  state           1    3[BANK0 ] unsigned char 
 Auto vars:     Size  Location     Type
  temp            1   13[COMMON] unsigned char 
 Return value:  Size  Location     Type
		None               void
 Registers used:
		wreg, status,2, status,0, pclath, cstack
 Tracked objects:
		On entry : 
		On exit  : 
		Unchanged: 
 Data sizes:     COMMON   BANK0   BANK1   BANK3   BANK2
      Params:         0       4       0       0       0
      Locals:         1       0       0       0       0
      Temps:          0       2       0       0       0
      Totals:         1       6       0       0       0
Total ram usage:        7 bytes
 Hardware stack levels used:    1
 Hardware stack levels required when called:    3
 This function calls:
		_byteReadLA
		_byteWriteLA
 This function is called by:
		_deviceIntPolarity
 This function uses a non-reentrant model


 *************** function _byteReadLA *****************
 Defined at:
		line 139 in file "MRF24J40.c"
 Parameters:    Size  Location     Type
  addr            2    9[COMMON] unsigned int 
 Auto vars:     Size  Location     Type
  report          1   12[COMMON] unsigned char 
 Return value:  Size  Location     Type
                  1    wreg      unsigned char 
 Registers used:
		wreg, status,2, status,0, pclath, cstack
 Tracked objects:
		On entry : 
		On exit  : 
		Unchanged: 
 Data sizes:     COMMON   BANK0   BANK1   BANK3   BANK2
      Params:         2       0       0       0       0
      Locals:         1       0       0       0       0
      Temps:          1       0       0       0       0
      Totals:         4       0       0       0       0
Total ram usage:        4 bytes
 Hardware stack levels used:    1
 Hardware stack levels required when called:    2
 This function calls:
		_addrWriteLA
		_chipRelease
		_chipSelect
 This function is called by:
		_bitWriteLA
		_readRSSI
 This function uses a non-reentrant model


 *************** function _deviceChannelSelect *****************
 Defined at:
		line 259 in file "MRF24J40.c"
 Parameters:    Size  Location     Type
  chan            1    wreg     unsigned char 
 Auto vars:     Size  Location     Type
  chan            1    5[BANK0 ] unsigned char 
 Return value:  Size  Location     Type
		None               void
 Registers used:
		wreg, status,2, status,0, pclath, cstack
 Tracked objects:
		On entry : 
		On exit  : 
		Unchanged: 
 Data sizes:     COMMON   BANK0   BANK1   BANK3   BANK2
      Params:         0       0       0       0       0
      Locals:         0       1       0       0       0
      Temps:          0       1       0       0       0
      Totals:         0       2       0       0       0
Total ram usage:        2 bytes
 Hardware stack levels used:    1
 Hardware stack levels required when called:    5
 This function calls:
		_byteWriteLA
		_resetRFStateMashine
 This function is called by:
		_deviceInit
 This function uses a non-reentrant model


 *************** function _resetRFStateMashine *****************
 Defined at:
		line 202 in file "MRF24J40.c"
 Parameters:    Size  Location     Type
		None
 Auto vars:     Size  Location     Type
		None
 Return value:  Size  Location     Type
		None               void
 Registers used:
		wreg, status,2, status,0, pclath, cstack
 Tracked objects:
		On entry : 
		On exit  : 
		Unchanged: 
 Data sizes:     COMMON   BANK0   BANK1   BANK3   BANK2
      Params:         0       0       0       0       0
      Locals:         0       0       0       0       0
      Temps:          1       0       0       0       0
      Totals:         1       0       0       0       0
Total ram usage:        1 bytes
 Hardware stack levels used:    1
 Hardware stack levels required when called:    4
 This function calls:
		_bitWriteSA
 This function is called by:
		_deviceChannelSelect
 This function uses a non-reentrant model


 *************** function _bitWriteSA *****************
 Defined at:
		line 112 in file "MRF24J40.c"
 Parameters:    Size  Location     Type
  addr            1    wreg     unsigned char 
  bitname         1   11[COMMON] unsigned char 
  state           1   12[COMMON] unsigned char 
 Auto vars:     Size  Location     Type
  addr            1    3[BANK0 ] unsigned char 
  temp            1    2[BANK0 ] unsigned char 
 Return value:  Size  Location     Type
		None               void
 Registers used:
		wreg, status,2, status,0, pclath, cstack
 Tracked objects:
		On entry : 
		On exit  : 
		Unchanged: 
 Data sizes:     COMMON   BANK0   BANK1   BANK3   BANK2
      Params:         2       0       0       0       0
      Locals:         0       2       0       0       0
      Temps:          0       2       0       0       0
      Totals:         2       4       0       0       0
Total ram usage:        6 bytes
 Hardware stack levels used:    1
 Hardware stack levels required when called:    3
 This function calls:
		_byteReadSA
		_byteWriteSA
 This function is called by:
		_resetRFStateMashine
		_resetPower
		_resetBBand
		_resetMAC
 This function uses a non-reentrant model


 *************** function _byteWriteSA *****************
 Defined at:
		line 105 in file "MRF24J40.c"
 Parameters:    Size  Location     Type
  addr            1    wreg     unsigned char 
  data            1    8[COMMON] unsigned char 
 Auto vars:     Size  Location     Type
  addr            1    9[COMMON] unsigned char 
 Return value:  Size  Location     Type
		None               void
 Registers used:
		wreg, status,2, status,0, pclath, cstack
 Tracked objects:
		On entry : 
		On exit  : 
		Unchanged: 
 Data sizes:     COMMON   BANK0   BANK1   BANK3   BANK2
      Params:         1       0       0       0       0
      Locals:         1       0       0       0       0
      Temps:          0       0       0       0       0
      Totals:         2       0       0       0       0
Total ram usage:        2 bytes
 Hardware stack levels used:    1
 Hardware stack levels required when called:    2
 This function calls:
		_addrWriteSA
		_chipRelease
		_chipSelect
		_waitForSPI
 This function is called by:
		_bitWriteSA
		_setCCAThreshold
		_deviceInit
		_deviceSetInterrupt
		_deviceSoftReset
 This function uses a non-reentrant model


 *************** function _byteReadSA *****************
 Defined at:
		line 97 in file "MRF24J40.c"
 Parameters:    Size  Location     Type
  addr            1    wreg     unsigned char 
 Auto vars:     Size  Location     Type
  addr            1    9[COMMON] unsigned char 
  report          1   10[COMMON] unsigned char 
 Return value:  Size  Location     Type
                  1    wreg      unsigned char 
 Registers used:
		wreg, status,2, status,0, pclath, cstack
 Tracked objects:
		On entry : 
		On exit  : 
		Unchanged: 
 Data sizes:     COMMON   BANK0   BANK1   BANK3   BANK2
      Params:         0       0       0       0       0
      Locals:         2       0       0       0       0
      Temps:          1       0       0       0       0
      Totals:         3       0       0       0       0
Total ram usage:        3 bytes
 Hardware stack levels used:    1
 Hardware stack levels required when called:    2
 This function calls:
		_addrWriteSA
		_chipRelease
		_chipSelect
 This function is called by:
		_bitWriteSA
		_deviceCheckInterrupts
 This function uses a non-reentrant model


 *************** function _addrWriteSA *****************
 Defined at:
		line 81 in file "MRF24J40.c"
 Parameters:    Size  Location     Type
  addr            1    wreg     unsigned char 
  op              1    0[COMMON] unsigned char 
 Auto vars:     Size  Location     Type
  addr            1    7[COMMON] unsigned char 
  command         1    6[COMMON] unsigned char 
 Return value:  Size  Location     Type
		None               void
 Registers used:
		wreg, status,2, status,0, pclath, cstack
 Tracked objects:
		On entry : 
		On exit  : 
		Unchanged: 
 Data sizes:     COMMON   BANK0   BANK1   BANK3   BANK2
      Params:         1       0       0       0       0
      Locals:         4       0       0       0       0
      Temps:          3       0       0       0       0
      Totals:         8       0       0       0       0
Total ram usage:        8 bytes
 Hardware stack levels used:    1
 Hardware stack levels required when called:    1
 This function calls:
		_waitForSPI
 This function is called by:
		_byteReadSA
		_byteWriteSA
		_dataReadSA
		_dataWriteSA
 This function uses a non-reentrant model


 *************** function _byteWriteLA *****************
 Defined at:
		line 147 in file "MRF24J40.c"
 Parameters:    Size  Location     Type
  addr            2    9[COMMON] unsigned int 
  data            1   11[COMMON] unsigned char 
 Auto vars:     Size  Location     Type
		None
 Return value:  Size  Location     Type
		None               void
 Registers used:
		wreg, status,2, status,0, pclath, cstack
 Tracked objects:
		On entry : 
		On exit  : 
		Unchanged: 
 Data sizes:     COMMON   BANK0   BANK1   BANK3   BANK2
      Params:         3       0       0       0       0
      Locals:         0       0       0       0       0
      Temps:          0       0       0       0       0
      Totals:         3       0       0       0       0
Total ram usage:        3 bytes
 Hardware stack levels used:    1
 Hardware stack levels required when called:    2
 This function calls:
		_addrWriteLA
		_chipRelease
		_chipSelect
		_waitForSPI
 This function is called by:
		_bitWriteLA
		_deviceInit
		_deviceChannelSelect
 This function uses a non-reentrant model


 *************** function _chipSelect *****************
 Defined at:
		line 22 in file "MRF24J40.c"
 Parameters:    Size  Location     Type
		None
 Auto vars:     Size  Location     Type
		None
 Return value:  Size  Location     Type
		None               void
 Registers used:
		wreg, status,2, status,0
 Tracked objects:
		On entry : 
		On exit  : 
		Unchanged: 
 Data sizes:     COMMON   BANK0   BANK1   BANK3   BANK2
      Params:         0       0       0       0       0
      Locals:         0       0       0       0       0
      Temps:          3       0       0       0       0
      Totals:         3       0       0       0       0
Total ram usage:        3 bytes
 Hardware stack levels used:    1
 This function calls:
		Nothing
 This function is called by:
		_byteReadSA
		_byteWriteSA
		_byteReadLA
		_byteWriteLA
		_SPI_WriteByte
		_SPI_ReadByte
		_SPI_WriteArray
		_SPI_ReadArray
		_dataReadSA
		_dataWriteSA
		_dataReadLA
		_dataWriteLA
 This function uses a non-reentrant model


 *************** function _chipRelease *****************
 Defined at:
		line 26 in file "MRF24J40.c"
 Parameters:    Size  Location     Type
		None
 Auto vars:     Size  Location     Type
		None
 Return value:  Size  Location     Type
		None               void
 Registers used:
		wreg, status,2, status,0
 Tracked objects:
		On entry : 
		On exit  : 
		Unchanged: 
 Data sizes:     COMMON   BANK0   BANK1   BANK3   BANK2
      Params:         0       0       0       0       0
      Locals:         0       0       0       0       0
      Temps:          3       0       0       0       0
      Totals:         3       0       0       0       0
Total ram usage:        3 bytes
 Hardware stack levels used:    1
 This function calls:
		Nothing
 This function is called by:
		_byteReadSA
		_byteWriteSA
		_byteReadLA
		_byteWriteLA
		_SPI_WriteByte
		_SPI_ReadByte
		_SPI_WriteArray
		_SPI_ReadArray
		_dataReadSA
		_dataWriteSA
		_dataReadLA
		_dataWriteLA
 This function uses a non-reentrant model


 *************** function _addrWriteLA *****************
 Defined at:
		line 88 in file "MRF24J40.c"
 Parameters:    Size  Location     Type
  addr            2    0[COMMON] unsigned int 
  op              1    2[COMMON] unsigned char 
 Auto vars:     Size  Location     Type
  command         2    7[COMMON] unsigned int 
 Return value:  Size  Location     Type
		None               void
 Registers used:
		wreg, status,2, status,0, pclath, cstack
 Tracked objects:
		On entry : 
		On exit  : 
		Unchanged: 
 Data sizes:     COMMON   BANK0   BANK1   BANK3   BANK2
      Params:         3       0       0       0       0
      Locals:         2       0       0       0       0
      Temps:          4       0       0       0       0
      Totals:         9       0       0       0       0
Total ram usage:        9 bytes
 Hardware stack levels used:    1
 Hardware stack levels required when called:    1
 This function calls:
		_waitForSPI
 This function is called by:
		_byteReadLA
		_byteWriteLA
		_dataReadLA
		_dataWriteLA
 This function uses a non-reentrant model


 *************** function _waitForSPI *****************
 Defined at:
		line 75 in file "MRF24J40.c"
 Parameters:    Size  Location     Type
		None
 Auto vars:     Size  Location     Type
		None
 Return value:  Size  Location     Type
		None               void
 Registers used:
		None
 Tracked objects:
		On entry : 
		On exit  : 
		Unchanged: 
 Data sizes:     COMMON   BANK0   BANK1   BANK3   BANK2
      Params:         0       0       0       0       0
      Locals:         0       0       0       0       0
      Temps:          0       0       0       0       0
      Totals:         0       0       0       0       0
Total ram usage:        0 bytes
 Hardware stack levels used:    1
 This function calls:
		Nothing
 This function is called by:
		_addrWriteSA
		_addrWriteLA
		_byteWriteSA
		_byteWriteLA
		_dataReadSA
		_dataWriteSA
		_dataReadLA
		_dataWriteLA
 This function uses a non-reentrant model



MODULE INFORMATION

Module		Function		Class		Link	Load	Size
shared
		__initializatio		CODE           	07E8	0000	21

shared estimated size: 21

MRF24J40.c
		_deviceSetInter		CODE           	05C1	0000	9
		_resetRFStateMa		CODE           	0670	0000	25
		_bitWriteLA    		CODE           	0712	0000	60
		_bitWriteSA    		CODE           	06DF	0000	51
		_deviceInit    		CODE           	074E	0000	154
		_setCCAThreshol		CODE           	05CA	0000	9
		_waitForSPI    		CODE           	05A1	0000	5
		_deviceChannelS		CODE           	05DF	0000	18
		_chipRelease   		CODE           	0604	0000	20
		_addrWriteLA   		CODE           	06AE	0000	49
		_addrWriteSA   		CODE           	0689	0000	37
		_byteWriteLA   		CODE           	0641	0000	23
		_byteWriteSA   		CODE           	05F1	0000	19
		_chipSelect    		CODE           	062C	0000	21
		_deviceIntPolar		CODE           	05D3	0000	12
		_deviceIntEnabl		CODE           	05AB	0000	7
		_byteReadLA    		CODE           	0658	0000	24
		_byteReadSA    		CODE           	0618	0000	20
		_readRSSI      		CODE           	05B2	0000	7

MRF24J40.c estimated size: 570

main.c
		_main          		CODE           	05B9	0000	8

main.c estimated size: 8

